/* Testing drop server with data */
SELECT * FROM profile.drop_server('local');
 drop_server 
-------------
           1
(1 row)

DROP EXTENSION pg_profile;
DROP EXTENSION IF EXISTS pg_stat_statements;
DROP EXTENSION IF EXISTS dblink;
DROP SCHEMA profile;
DROP SCHEMA dblink;
DROP SCHEMA statements;
