/* Drop test objects */
DROP TABLE profile.grow_table;
DROP FUNCTION profile.dummy_func();
DROP FUNCTION profile.grow_table_trg_f();
/* Testing drop server with data */
SELECT * FROM profile.drop_server('local');
 drop_server 
-------------
           1
(1 row)

DROP EXTENSION pg_profile;
DROP EXTENSION pg_stat_kcache;
DROP EXTENSION pg_stat_statements;
DROP EXTENSION dblink;
DROP SCHEMA profile;
DROP SCHEMA dblink;
DROP SCHEMA statements;
DROP SCHEMA kcache;
