CREATE SCHEMA IF NOT EXISTS profile;
CREATE SCHEMA IF NOT EXISTS dblink;
CREATE SCHEMA IF NOT EXISTS statements;
CREATE EXTENSION dblink SCHEMA dblink;
CREATE EXTENSION pg_stat_statements SCHEMA statements;
CREATE EXTENSION pg_profile SCHEMA profile;
/* == Testing server management functions == */
SELECT profile.create_server('srvtest','dbname=postgres host=localhost port=5432');
 create_server 
---------------
             2
(1 row)

SELECT * FROM servers;
 server_id | server_name | db_exclude | enabled |                 connstr                  | max_sample_age | last_sample_id 
-----------+-------------+------------+---------+------------------------------------------+----------------+----------------
         1 | local       |            | t       | dbname=contrib_regression port=5432      |                |              0
         2 | srvtest     |            | t       | dbname=postgres host=localhost port=5432 |                |              0
(2 rows)

SELECT profile.rename_server('srvtest','srvtestrenamed');
 rename_server 
---------------
             1
(1 row)

SELECT profile.set_server_connstr('srvtestrenamed','dbname=postgres host=localhost port=5433');
 set_server_connstr 
--------------------
                  1
(1 row)

SELECT profile.set_server_db_exclude('srvtestrenamed',ARRAY['db1','db2','db3']);
 set_server_db_exclude 
-----------------------
                     1
(1 row)

SELECT profile.set_server_max_sample_age('srvtestrenamed',3);
 set_server_max_sample_age 
---------------------------
                         1
(1 row)

SELECT * FROM servers;
 server_id |  server_name   |  db_exclude   | enabled |                 connstr                  | max_sample_age | last_sample_id 
-----------+----------------+---------------+---------+------------------------------------------+----------------+----------------
         1 | local          |               | t       | dbname=contrib_regression port=5432      |                |              0
         2 | srvtestrenamed | {db1,db2,db3} | t       | dbname=postgres host=localhost port=5433 |              3 |              0
(2 rows)

SELECT profile.disable_server('srvtestrenamed');
 disable_server 
----------------
              1
(1 row)

SELECT * FROM servers;
 server_id |  server_name   |  db_exclude   | enabled |                 connstr                  | max_sample_age | last_sample_id 
-----------+----------------+---------------+---------+------------------------------------------+----------------+----------------
         1 | local          |               | t       | dbname=contrib_regression port=5432      |                |              0
         2 | srvtestrenamed | {db1,db2,db3} | f       | dbname=postgres host=localhost port=5433 |              3 |              0
(2 rows)

SELECT profile.enable_server('srvtestrenamed');
 enable_server 
---------------
             1
(1 row)

SELECT * FROM servers;
 server_id |  server_name   |  db_exclude   | enabled |                 connstr                  | max_sample_age | last_sample_id 
-----------+----------------+---------------+---------+------------------------------------------+----------------+----------------
         1 | local          |               | t       | dbname=contrib_regression port=5432      |                |              0
         2 | srvtestrenamed | {db1,db2,db3} | t       | dbname=postgres host=localhost port=5433 |              3 |              0
(2 rows)

SELECT * FROM profile.drop_server('srvtestrenamed');
 drop_server 
-------------
           1
(1 row)

/* Testing sample creation */
SELECT * FROM profile.take_sample();
 server | result 
--------+--------
 local  | OK
(1 row)

SELECT * FROM profile.take_sample();
 server | result 
--------+--------
 local  | OK
(1 row)

/* Testing report */
SELECT count(1) FROM profile.get_report(1,2);
 count 
-------
     1
(1 row)

/* Testing diffreport */
SELECT * FROM profile.take_sample();
 server | result 
--------+--------
 local  | OK
(1 row)

SELECT count(1) FROM profile.get_diffreport(1,2,2,3);
NOTICE:  relation "queries_list" already exists, skipping
 count 
-------
     1
(1 row)

SELECT * FROM profile.take_sample();
 server | result 
--------+--------
 local  | OK
(1 row)

SELECT * FROM profile.take_sample();
 server | result 
--------+--------
 local  | OK
(1 row)

UPDATE profile.samples SET sample_time = now() - '4 days'::interval - '10 minutes'::interval WHERE server_id = 1 AND sample_id = 1;
UPDATE profile.samples SET sample_time = now() - '3 days'::interval - '10 minutes'::interval WHERE server_id = 1 AND sample_id = 2;
UPDATE profile.samples SET sample_time = now() - '2 days'::interval - '10 minutes'::interval WHERE server_id = 1 AND sample_id = 3;
UPDATE profile.samples SET sample_time = now() - '1 days'::interval - '10 minutes'::interval WHERE server_id = 1 AND sample_id = 4;
UPDATE profile.samples SET sample_time = now() - '23 hours'::interval - '10 minutes'::interval WHERE server_id = 1 AND sample_id = 5;
SELECT * FROM profile.take_sample();
 server | result 
--------+--------
 local  | OK
(1 row)

SELECT count(*) FROM profile.samples WHERE sample_time < now() - '1 days'::interval;
 count 
-------
     4
(1 row)

SELECT * FROM profile.set_server_max_sample_age('local',1);
 set_server_max_sample_age 
---------------------------
                         1
(1 row)

/* Testing baseline creation */
SELECT * FROM profile.create_baseline('testline1',2,4);
 create_baseline 
-----------------
               1
(1 row)

SELECT * FROM profile.create_baseline('testline2',2,4);
 create_baseline 
-----------------
               2
(1 row)

SELECT count(*) FROM baselines;
 count 
-------
     2
(1 row)

SELECT * FROM profile.keep_baseline('testline2',-1);
 keep_baseline 
---------------
             1
(1 row)

/* Testing baseline show */
SELECT count(*) FROM profile.show_baselines();
 count 
-------
     2
(1 row)

/* Testing baseline deletion */
SELECT * FROM profile.take_sample();
 server | result 
--------+--------
 local  | OK
(1 row)

SELECT count(*) FROM baselines;
 count 
-------
     1
(1 row)

/* Testing samples retention override with baseline */
SELECT count(*) FROM profile.samples WHERE sample_time < now() - '1 days'::interval;
 count 
-------
     3
(1 row)

SELECT * FROM profile.drop_baseline('testline1');
 drop_baseline 
---------------
             1
(1 row)

/* Testing samples deletion after baseline removed */
SELECT * FROM profile.take_sample();
 server | result 
--------+--------
 local  | OK
(1 row)

SELECT count(*) FROM profile.samples WHERE sample_time < now() - '1 days'::interval;
 count 
-------
     0
(1 row)

/* Testing drop server with data */
SELECT * FROM profile.drop_server('local');
 drop_server 
-------------
           1
(1 row)

DROP EXTENSION pg_profile;
DROP EXTENSION IF EXISTS pg_stat_statements;
DROP EXTENSION IF EXISTS dblink;
DROP SCHEMA profile;
DROP SCHEMA dblink;
DROP SCHEMA statements;
